// Jest Snapshot v1, https://goo.gl/fbAQLP

exports[`AboutAlbum renders correctly 1`] = `
<View
  style={
    Object {
      "backgroundColor": "#181818",
      "flex": 1,
      "marginTop": 64,
    }
  }
>
  <RCTScrollView
    ListHeaderComponent={[Function]}
    data={Array []}
    disableVirtualization={false}
    enableEmptySections={true}
    getItem={[Function]}
    getItemCount={[Function]}
    horizontal={false}
    initialNumToRender={10}
    keyExtractor={[Function]}
    maxToRenderPerBatch={10}
    numColumns={1}
    onContentSizeChange={[Function]}
    onEndReached={[Function]}
    onEndReachedThreshold={2}
    onLayout={[Function]}
    onScroll={[Function]}
    onScrollBeginDrag={[Function]}
    onViewableItemsChanged={undefined}
    removeClippedSubviews={true}
    renderItem={[Function]}
    renderScrollComponent={[Function]}
    scrollEventThrottle={50}
    stickyHeaderIndices={Array []}
    updateCellsBatchingPeriod={50}
    windowSize={21}
  >
    <View>
      <View
        onLayout={[Function]}
      >
        <View
          style={
            Object {
              "alignItems": "center",
              "flex": 1,
              "justifyContent": "center",
            }
          }
        >
          <Image
            onLoadEnd={[Function]}
            source={
              Object {
                "uri": "https://example.com/1",
              }
            }
            style={
              Object {
                "height": 240,
                "margin": 20,
                "opacity": 0,
                "width": 240,
              }
            }
          />
          <Text
            accessible={true}
            allowFontScaling={true}
            ellipsizeMode="tail"
            style={
              Object {
                "color": "white",
                "fontSize": 24,
                "fontWeight": "bold",
                "margin": 12,
              }
            }
          >
            AlbumTitle-1
          </Text>
          <View
            style={
              Object {
                "alignItems": "center",
                "flexDirection": "row",
                "justifyContent": "center",
                "margin": 8,
              }
            }
          >
            <Text
              accessible={true}
              allowFontScaling={true}
              ellipsizeMode="tail"
              style={
                Object {
                  "color": "white",
                  "fontSize": 16,
                  "opacity": 0.5,
                }
              }
            >
              By
            </Text>
            <View
              accessibilityComponentType={undefined}
              accessibilityLabel={undefined}
              accessibilityTraits={undefined}
              accessible={true}
              hitSlop={undefined}
              isTVSelectable={true}
              onLayout={undefined}
              onResponderGrant={[Function]}
              onResponderMove={[Function]}
              onResponderRelease={[Function]}
              onResponderTerminate={[Function]}
              onResponderTerminationRequest={[Function]}
              onStartShouldSetResponder={[Function]}
              style={
                Object {
                  "opacity": 1,
                  "padding": 8,
                }
              }
              testID={undefined}
              tvParallaxProperties={undefined}
            >
              <View>
                <Text
                  accessible={true}
                  allowFontScaling={true}
                  ellipsizeMode="tail"
                  style={
                    Object {
                      "color": "white",
                      "fontSize": 16,
                      "fontWeight": "normal",
                    }
                  }
                >
                  Name-1
                </Text>
              </View>
            </View>
          </View>
          <Text
            accessible={true}
            allowFontScaling={true}
            ellipsizeMode="tail"
            style={
              Object {
                "color": "white",
                "fontSize": 12,
                "margin": 8,
                "opacity": 0.5,
              }
            }
          >
            
          </Text>
          <View
            accessibilityComponentType={undefined}
            accessibilityLabel={undefined}
            accessibilityTraits={undefined}
            accessible={true}
            hitSlop={undefined}
            isTVSelectable={true}
            onLayout={undefined}
            onResponderGrant={[Function]}
            onResponderMove={[Function]}
            onResponderRelease={[Function]}
            onResponderTerminate={[Function]}
            onResponderTerminationRequest={[Function]}
            onStartShouldSetResponder={[Function]}
            style={
              Object {
                "opacity": 1,
              }
            }
            testID={undefined}
            tvParallaxProperties={undefined}
          >
            <View
              style={
                Array [
                  Object {
                    "backgroundColor": "#1ed760",
                    "borderRadius": 22,
                    "height": 44,
                    "margin": 12,
                    "padding": 8,
                    "width": 200,
                  },
                  false,
                ]
              }
            >
              <Text
                accessible={true}
                allowFontScaling={true}
                ellipsizeMode="tail"
                style={
                  Object {
                    "color": "white",
                    "fontSize": 16,
                    "fontWeight": "bold",
                    "margin": 4,
                    "textAlign": "center",
                  }
                }
              >
                Spotifyで聴く
              </Text>
            </View>
          </View>
        </View>
      </View>
    </View>
  </RCTScrollView>
</View>
`;
