// Jest Snapshot v1, https://goo.gl/fbAQLP

exports[`EmptySearchView renders correctly 1`] = `
<View
  accessibilityComponentType={undefined}
  accessibilityLabel={undefined}
  accessibilityTraits={undefined}
  accessible={true}
  hitSlop={undefined}
  onLayout={undefined}
  onResponderGrant={[Function]}
  onResponderMove={[Function]}
  onResponderRelease={[Function]}
  onResponderTerminate={[Function]}
  onResponderTerminationRequest={[Function]}
  onStartShouldSetResponder={[Function]}
  style={
    Object {
      "alignItems": "center",
      "backgroundColor": "#181818",
      "flex": 1,
      "flexDirection": "column",
      "justifyContent": "center",
    }
  }
  testID={undefined}
>
  <Text
    accessible={true}
    allowFontScaling={true}
    ellipsizeMode="tail"
    style={
      Object {
        "color": "white",
        "fontSize": 20,
        "margin": 8,
      }
    }
  >
    該当する結果は見つかりませんでした
  </Text>
  <Text
    accessible={true}
    allowFontScaling={true}
    ellipsizeMode="tail"
    style={
      Object {
        "color": "white",
        "fontSize": 14,
        "marginLeft": 16,
        "marginRight": 16,
        "opacity": 0.7,
      }
    }
  >
    別のキーワードをお試しください
  </Text>
</View>
`;
