// Jest Snapshot v1, https://goo.gl/fbAQLP

exports[`InitSearchView renders correctly 1`] = `
<View
  accessibilityComponentType={undefined}
  accessibilityLabel={undefined}
  accessibilityTraits={undefined}
  accessible={true}
  hitSlop={undefined}
  onLayout={undefined}
  onResponderGrant={[Function]}
  onResponderMove={[Function]}
  onResponderRelease={[Function]}
  onResponderTerminate={[Function]}
  onResponderTerminationRequest={[Function]}
  onStartShouldSetResponder={[Function]}
  style={
    Object {
      "alignItems": "center",
      "backgroundColor": "#181818",
      "flex": 1,
      "flexDirection": "column",
      "justifyContent": "center",
    }
  }
  testID={undefined}
>
  <Text
    accessible={true}
    allowFontScaling={true}
    ellipsizeMode="tail"
    style={
      Object {
        "color": "white",
        "fontSize": 32,
        "fontWeight": "bold",
        "margin": 16,
      }
    }
  >
    検索してみよう。
  </Text>
  <Text
    accessible={true}
    allowFontScaling={true}
    ellipsizeMode="tail"
    style={
      Object {
        "color": "white",
        "fontSize": 14,
        "marginBottom": 32,
        "marginLeft": 16,
        "marginRight": 16,
        "opacity": 0.7,
      }
    }
  >
    好きなアーティストを探してみて
  </Text>
  <View
    accessibilityComponentType={undefined}
    accessibilityLabel={undefined}
    accessibilityTraits={undefined}
    accessible={true}
    hitSlop={undefined}
    isTVSelectable={true}
    onLayout={undefined}
    onResponderGrant={[Function]}
    onResponderMove={[Function]}
    onResponderRelease={[Function]}
    onResponderTerminate={[Function]}
    onResponderTerminationRequest={[Function]}
    onStartShouldSetResponder={[Function]}
    style={
      Object {
        "opacity": 1,
      }
    }
    testID={undefined}
    tvParallaxProperties={undefined}
  >
    <View
      style={
        Array [
          Object {
            "backgroundColor": "#1ed760",
            "borderRadius": 22,
            "height": 44,
            "margin": 12,
            "padding": 8,
            "width": 200,
          },
          Object {
            "backgroundColor": "#a82c9b",
          },
        ]
      }
    >
      <Text
        accessible={true}
        allowFontScaling={true}
        ellipsizeMode="tail"
        style={
          Object {
            "color": "white",
            "fontSize": 16,
            "fontWeight": "bold",
            "margin": 4,
            "textAlign": "center",
          }
        }
      >
        Spotifyを開く
      </Text>
    </View>
  </View>
</View>
`;
