// Jest Snapshot v1, https://goo.gl/fbAQLP

exports[`LoadingSearchView renders correctly 1`] = `
<View
  style={
    Object {
      "alignItems": "center",
      "backgroundColor": "#181818",
      "flex": 1,
      "flexDirection": "column",
      "justifyContent": "center",
    }
  }
>
  <ActivityIndicator
    animating={true}
    color="white"
    hidesWhenStopped={true}
    size="large"
  />
</View>
`;
